#-----------------------------------------------------------
# updatemem v2019.2 (64-bit)
# SW Build 2708876 on Wed Nov  6 21:40:23 MST 2019
# 
# Start of session at: Mon Sep  7 13:39:17 2020
# Process ID: 8184
# Current directory: C:/Users/sarcasmisthere/Desktop/uec2project/repo/PROJEKT2.0/bomberman_uec2/MicroblazeProject
# Command line: updatemem.exe -mode batch -source C:/Xilinx/Vitis/Vitis/2019.2/scripts/updatemem/main.tcl -notrace -tclargs -meminfo C:/Users/sarcasmisthere/Desktop/uec2project/repo/PROJEKT2.0/bomberman_uec2/MicroblazeProject/MicroblazeProject.vitis/Bomberman/_ide/bitstream/QUART_NOWY2.mmi -data C:\Users\sarcasmisthere\Desktop\uec2project\repo\PROJEKT2.0\bomberman_uec2\MicroblazeProject\MicroblazeProject.vitis\Bomberman\Debug\Bomberman.elf -proc design_1_i/microblaze_0 -bit C:/Users/sarcasmisthere/Desktop/uec2project/repo/PROJEKT2.0/bomberman_uec2/MicroblazeProject/MicroblazeProject.vitis/Bomberman/_ide/bitstream/QUART_NOWY2.bit -out C:/Users/sarcasmisthere/Desktop/uec2project/repo/PROJEKT2.0/bomberman_uec2/MicroblazeProject/MicroblazeProject.vitis/Bomberman/_ide/bitstream/download.bit -force
# Log file: C:/Users/sarcasmisthere/Desktop/uec2project/repo/PROJEKT2.0/bomberman_uec2/MicroblazeProject/updatemem.log
# Journal file: C:/Users/sarcasmisthere/Desktop/uec2project/repo/PROJEKT2.0/bomberman_uec2/MicroblazeProject\updatemem.jou
#-----------------------------------------------------------
source C:/Xilinx/Vitis/Vitis/2019.2/scripts/updatemem/main.tcl -notrace
