#-----------------------------------------------------------
# Vivado v2019.2 (64-bit)
# SW Build 2708876 on Wed Nov  6 21:40:23 MST 2019
# IP Build 2700528 on Thu Nov  7 00:09:20 MST 2019
# Start of session at: Mon Aug 17 15:56:14 2020
# Process ID: 9944
# Current directory: C:/Users/sarcasmisthere/Desktop/uec2project/repo/PROJEKT 1.0/bomberman_uec2/MicroblazeProject
# Command line: vivado.exe -gui_launcher_event rodinguilauncherevent14048 C:\Users\sarcasmisthere\Desktop\uec2project\repo\PROJEKT 1.0\bomberman_uec2\MicroblazeProject\MicroblazeProject.xpr
# Log file: C:/Users/sarcasmisthere/Desktop/uec2project/repo/PROJEKT 1.0/bomberman_uec2/MicroblazeProject/vivado.log
# Journal file: C:/Users/sarcasmisthere/Desktop/uec2project/repo/PROJEKT 1.0/bomberman_uec2/MicroblazeProject\vivado.jou
#-----------------------------------------------------------
start_gui
open_project {C:/Users/sarcasmisthere/Desktop/uec2project/repo/PROJEKT 1.0/bomberman_uec2/MicroblazeProject/MicroblazeProject.xpr}
reset_run synth_1
launch_runs impl_1 -to_step write_bitstream -jobs 4
wait_on_run impl_1
open_hw_manager
connect_hw_server -allow_non_jtag
disconnect_hw_server localhost:3121
connect_hw_server -allow_non_jtag
open_hw_target
set_property PROGRAM.FILE {C:/Users/sarcasmisthere/Desktop/uec2project/repo/PROJEKT 1.0/bomberman_uec2/MicroblazeProject/MicroblazeProject.runs/impl_1/design_1_wrapper.bit} [get_hw_devices xc7a35t_0]
current_hw_device [get_hw_devices xc7a35t_0]
refresh_hw_device -update_hw_probes false [lindex [get_hw_devices xc7a35t_0] 0]
create_hw_cfgmem -hw_device [get_hw_devices xc7a35t_0] -mem_dev [lindex [get_cfgmem_parts {s25fl032p-spi-x1_x2_x4}] 0]
write_hw_platform -fixed -force  -include_bit -file {C:/Users/sarcasmisthere/Desktop/uec2project/repo/PROJEKT 1.0/bomberman_uec2/MicroblazeProject/QUARTZ.xsa}
write_hw_platform -fixed -force  -include_bit -file {C:/Users/sarcasmisthere/Desktop/uec2project/repo/PROJEKT 1.0/bomberman_uec2/MicroblazeProject/design_1_wrapper.xsa}
reset_run impl_1 -prev_step 
launch_runs impl_1 -to_step write_bitstream -jobs 4
wait_on_run impl_1
reset_run impl_1
