Copyright 1986-2019 Xilinx, Inc. All Rights Reserved.
------------------------------------------------------------------------------------
| Tool Version : Vivado v.2019.2 (win64) Build 2708876 Wed Nov  6 21:40:23 MST 2019
| Date         : Thu Jul 16 15:01:56 2020
| Host         : Marysia running 64-bit major release  (build 9200)
| Command      : report_control_sets -verbose -file Main_control_sets_placed.rpt
| Design       : Main
| Device       : xc7a35t
------------------------------------------------------------------------------------

Control Set Information

Table of Contents
-----------------
1. Summary
2. Histogram
3. Flip-Flop Distribution
4. Detailed Control Set Information

1. Summary
----------

+----------------------------------------------------------+-------+
|                          Status                          | Count |
+----------------------------------------------------------+-------+
| Total control sets                                       |    88 |
|    Minimum number of control sets                        |    88 |
|    Addition due to synthesis replication                 |     0 |
|    Addition due to physical synthesis replication        |     0 |
| Unused register locations in slices containing registers |   187 |
+----------------------------------------------------------+-------+
* Control sets can be merged at opt_design using control_set_merge or merge_equivalent_drivers
** Run report_qor_suggestions for automated merging and remapping suggestions


2. Histogram
------------

+--------------------+-------+
|       Fanout       | Count |
+--------------------+-------+
| Total control sets |    88 |
| >= 0 to < 4        |     6 |
| >= 4 to < 6        |     3 |
| >= 6 to < 8        |     3 |
| >= 8 to < 10       |    10 |
| >= 10 to < 12      |     9 |
| >= 12 to < 14      |     5 |
| >= 14 to < 16      |     2 |
| >= 16              |    50 |
+--------------------+-------+
* Control sets can be remapped at either synth_design or opt_design


3. Flip-Flop Distribution
-------------------------

+--------------+-----------------------+------------------------+-----------------+--------------+
| Clock Enable | Synchronous Set/Reset | Asynchronous Set/Reset | Total Registers | Total Slices |
+--------------+-----------------------+------------------------+-----------------+--------------+
| No           | No                    | No                     |             317 |          111 |
| No           | No                    | Yes                    |               0 |            0 |
| No           | Yes                   | No                     |              36 |           15 |
| Yes          | No                    | No                     |            1211 |          364 |
| Yes          | No                    | Yes                    |               0 |            0 |
| Yes          | Yes                   | No                     |             489 |          137 |
+--------------+-----------------------+------------------------+-----------------+--------------+


4. Detailed Control Set Information
-----------------------------------

+---------------------------------+-----------------------------------------------------------------------------------------------------------------------------------------------------------------------------+-----------------------------------------------------------------------------------------------------------------------------------------------------------+------------------+----------------+
|           Clock Signal          |                                                                                Enable Signal                                                                                |                                                                      Set/Reset Signal                                                                     | Slice Load Count | Bel Load Count |
+---------------------------------+-----------------------------------------------------------------------------------------------------------------------------------------------------------------------------+-----------------------------------------------------------------------------------------------------------------------------------------------------------+------------------+----------------+
|  system/clk_wiz_0/inst/clk_out1 | system/v_tpg_0/inst/tpgBackground_U0/grp_tpgPatternSolidBlue_fu_666/bluYuv_U/video_subsystem_v_tpg_0_0_tpgPatternSolidBlYie_rom_U/grp_tpgPatternSolidBlue_fu_666_ap_ready   |                                                                                                                                                           |                1 |              1 |
|  system/clk_wiz_0/inst/clk_out1 | system/v_tpg_0/inst/tpgBackground_U0/grp_tpgPatternSolidRed_fu_684/redYuv_U/video_subsystem_v_tpg_0_0_tpgPatternSolidRe0iy_rom_U/grp_tpgPatternSolidRed_fu_684_ap_ready     |                                                                                                                                                           |                1 |              1 |
|  system/clk_wiz_0/inst/clk_out1 | system/v_tpg_0/inst/tpgBackground_U0/outpix_val_0_V_8_reg_15070                                                                                                             |                                                                                                                                                           |                1 |              1 |
|  system/clk_wiz_0/inst/clk_out1 |                                                                                                                                                                             | system/v_axi4s_vid_out_0/inst/SYNC_INST/locked_reg_0[0]                                                                                                   |                1 |              2 |
|  system/clk_wiz_0/inst/clk_out1 | system/v_tpg_0/inst/tpgBackground_U0/grp_tpgPatternSolidGreen_fu_675/grnYuv_U/video_subsystem_v_tpg_0_0_tpgPatternSolidGrZio_rom_U/grp_tpgPatternSolidGreen_fu_675_ap_ready |                                                                                                                                                           |                1 |              2 |
|  system/clk_wiz_0/inst/clk_out1 |                                                                                                                                                                             | system/v_axi4s_vid_out_0/inst/COUPLER_INST/generate_sync_fifo.FIFO_INST/XPM_FIFO_SYNC_INST/xpm_fifo_base_inst/xpm_fifo_rst_inst/rst_i                     |                2 |              3 |
|  system/clk_wiz_0/inst/clk_out1 |                                                                                                                                                                             | system/proc_sys_reset_0/U0/EXT_LPF/lpf_int                                                                                                                |                1 |              4 |
|  system/clk_wiz_0/inst/clk_out1 |                                                                                                                                                                             | system/v_axi4s_vid_out_0/inst/COUPLER_INST/generate_sync_fifo.FIFO_INST/XPM_FIFO_SYNC_INST/xpm_fifo_base_inst/xpm_fifo_rst_inst/Q[0]                      |                2 |              4 |
|  system/clk_wiz_0/inst/clk_out1 |                                                                                                                                                                             | system/v_tc_0/U0/U_TC_TOP/GEN_GENERATOR.U_TC_GEN/p_3_in                                                                                                   |                2 |              4 |
|  system/clk_wiz_0/inst/clk_out1 | system/v_tpg_0/inst/MultiPixStream2AXIvi_U0/regslice_both_AXI_video_strm_V_data_V_U/ibuf_inst/ap_CS_fsm_reg[3]_2[0]                                                         |                                                                                                                                                           |                1 |              6 |
|  system/clk_wiz_0/inst/clk_out1 | system/proc_sys_reset_0/U0/SEQ/seq_cnt_en                                                                                                                                   | system/proc_sys_reset_0/U0/SEQ/SEQ_COUNTER/clear                                                                                                          |                1 |              6 |
|  system/clk_wiz_0/inst/clk_out1 | system/v_tpg_0/inst/tpgBackground_U0/grp_tpgPatternDPColorSqu_fu_479/yCount_V_4[5]_i_2_n_1                                                                                  | system/v_tpg_0/inst/tpgBackground_U0/grp_tpgPatternDPColorSqu_fu_479/yCount_V_4                                                                           |                2 |              6 |
|  system/clk_wiz_0/inst/clk_out1 | system/v_axi4s_vid_out_0/inst/SYNC_INST/fifo_sof_cnt                                                                                                                        | system/v_axi4s_vid_out_0/inst/SYNC_INST/vtg_sof_cnt0                                                                                                      |                3 |              8 |
|  system/clk_wiz_0/inst/clk_out1 | system/v_axi4s_vid_out_0/inst/SYNC_INST/vtg_sof_dly                                                                                                                         | system/v_axi4s_vid_out_0/inst/SYNC_INST/vtg_sof_cnt0                                                                                                      |                3 |              8 |
|  system/clk_wiz_0/inst/clk_out1 | system/v_tpg_0/inst/tpgForeground_U0/shiftReg_ce                                                                                                                            | system/v_tpg_0/inst/v_tpg_CTRL_s_axi_U/int_maskId_reg[2]_0                                                                                                |                1 |              8 |
|  system/clk_wiz_0/inst/clk_out1 | system/v_tpg_0/inst/tpgForeground_U0/shiftReg_ce                                                                                                                            | system/v_tpg_0/inst/v_tpg_CTRL_s_axi_U/int_maskId_reg[0]_0                                                                                                |                3 |              8 |
|  system/clk_wiz_0/inst/clk_out1 | system/v_tpg_0/inst/tpgBackground_U0/grp_tpgPatternRainbow_fu_439/tpgSinTableArray_9bi_U/video_subsystem_v_tpg_0_0_tpgPatternRainbowvdy_rom_U/ap_enable_reg_pp0_iter8_reg   | system/v_tpg_0/inst/tpgBackground_U0/grp_tpgPatternRainbow_fu_439/tpgSinTableArray_9bi_U/video_subsystem_v_tpg_0_0_tpgPatternRainbowvdy_rom_U/q2_reg_0[0] |                2 |              8 |
|  system/clk_wiz_0/inst/clk_out1 | system/v_tpg_0/inst/tpgBackground_U0/grp_tpgPatternRainbow_fu_439/tpgSinTableArray_9bi_U/video_subsystem_v_tpg_0_0_tpgPatternRainbowvdy_rom_U/ap_enable_reg_pp0_iter8_reg   | system/v_tpg_0/inst/tpgBackground_U0/grp_tpgPatternRainbow_fu_439/tpgSinTableArray_9bi_U/video_subsystem_v_tpg_0_0_tpgPatternRainbowvdy_rom_U/SS[0]       |                3 |              8 |
|  system/clk_wiz_0/inst/clk_out1 | system/v_tpg_0/inst/tpgBackground_U0/grp_tpgPatternRainbow_fu_439/tpgSinTableArray_9bi_U/video_subsystem_v_tpg_0_0_tpgPatternRainbowvdy_rom_U/ap_enable_reg_pp0_iter8_reg   | system/v_tpg_0/inst/tpgBackground_U0/grp_tpgPatternRainbow_fu_439/tpgSinTableArray_9bi_U/video_subsystem_v_tpg_0_0_tpgPatternRainbowvdy_rom_U/q0_reg_0[0] |                2 |              8 |
|  system/clk_wiz_0/inst/clk_out1 | system/v_tpg_0/inst/tpgForeground_U0/shiftReg_ce                                                                                                                            | system/v_tpg_0/inst/v_tpg_CTRL_s_axi_U/int_maskId_reg[1]_0                                                                                                |                2 |              8 |
|  system/clk_wiz_0/inst/clk_out1 |                                                                                                                                                                             | system/v_axi4s_vid_out_0/inst/COUPLER_INST/generate_sync_fifo.FIFO_INST/XPM_FIFO_SYNC_INST/xpm_fifo_base_inst/xpm_fifo_rst_inst/SR[0]                     |                3 |              9 |
|  system/clk_wiz_0/inst/clk_out1 | system/v_tpg_0/inst/tpgBackground_U0/grp_tpgPatternDPColorSqu_fu_479/DPtpgBarArray_U/video_subsystem_v_tpg_0_0_tpgPatternDPColorbkb_rom_U/E[0]                              | system/v_tpg_0/inst/tpgBackground_U0/grp_tpgPatternDPColorSqu_fu_479/hBarSel_5_0                                                                          |                3 |              9 |
|  system/clk_wiz_0/inst/clk_out1 |                                                                                                                                                                             | system/v_axi4s_vid_out_0/inst/SYNC_INST/SR[0]                                                                                                             |                4 |             10 |
|  system/clk_wiz_0/inst/clk_out1 | system/v_tpg_0/inst/tpgBackground_U0/grp_tpgPatternTartanColo_fu_598/grp_tpgPatternTartanColo_fu_598_ap_ready                                                               | system/v_tpg_0/inst/tpgBackground_U0/grp_tpgPatternTartanColo_fu_598/xCount_V_3_0[9]_i_1_n_1                                                              |                3 |             10 |
|  system/clk_wiz_0/inst/clk_out1 | system/v_tpg_0/inst/tpgBackground_U0/grp_tpgPatternCheckerBoa_fu_544/grp_tpgPatternCheckerBoa_fu_544_ap_ready                                                               | system/v_tpg_0/inst/tpgBackground_U0/grp_tpgPatternCheckerBoa_fu_544/xCount_V_0[9]_i_1_n_1                                                                |                3 |             10 |
|  system/clk_wiz_0/inst/clk_out1 | system/v_tpg_0/inst/tpgBackground_U0/grp_tpgPatternCrossHatch_fu_577/grp_reg_ap_uint_10_s_fu_191/icmp_ln1403_reg_507_reg[0][0]                                              | system/v_tpg_0/inst/tpgBackground_U0/grp_tpgPatternCrossHatch_fu_577/grp_reg_ap_uint_10_s_fu_191/SR[0]                                                    |                3 |             10 |
|  system/clk_wiz_0/inst/clk_out1 | system/v_tpg_0/inst/tpgBackground_U0/grp_tpgPatternTartanColo_fu_598/yCount_V_3[9]_i_2_n_1                                                                                  | system/v_tpg_0/inst/tpgBackground_U0/grp_tpgPatternTartanColo_fu_598/yCount_V_3                                                                           |                2 |             10 |
|  system/clk_wiz_0/inst/clk_out1 | system/v_tpg_0/inst/tpgBackground_U0/grp_tpgPatternCrossHatch_fu_577/grp_reg_ap_uint_10_s_fu_191/E[0]                                                                       |                                                                                                                                                           |                3 |             10 |
|  system/clk_wiz_0/inst/clk_out1 | system/v_tpg_0/inst/tpgBackground_U0/grp_tpgPatternCheckerBoa_fu_544/yCount_V0                                                                                              | system/v_tpg_0/inst/tpgBackground_U0/grp_tpgPatternCheckerBoa_fu_544/yCount_V                                                                             |                3 |             10 |
|  system/clk_wiz_0/inst/clk_out1 | system/v_tpg_0/inst/tpgBackground_U0/grp_tpgPatternColorBars_fu_448/tpgBarSelYuv_y351_U/video_subsystem_v_tpg_0_0_tpgPatternCheckerqcK_rom_U/E[0]                           | system/v_tpg_0/inst/tpgBackground_U0/grp_tpgPatternColorBars_fu_448/xBar_V_0[10]_i_1_n_1                                                                  |                4 |             11 |
|  system/clk_wiz_0/inst/clk_out1 | system/v_tpg_0/inst/tpgBackground_U0/grp_tpgPatternCrossHatch_fu_577/vHatch[0]_i_2_n_1                                                                                      | system/v_tpg_0/inst/tpgBackground_U0/grp_tpgPatternCrossHatch_fu_577/vHatch0                                                                              |                2 |             11 |
|  system/clk_wiz_0/inst/clk_out1 | system/v_tpg_0/inst/tpgBackground_U0/grp_tpgPatternDPColorSqu_fu_479/DPtpgBarSelYuv_709_y_U/video_subsystem_v_tpg_0_0_tpgPatternDPColorjbC_rom_U/E[0]                       |                                                                                                                                                           |                4 |             12 |
|  system/clk_wiz_0/inst/clk_out1 | system/v_tc_0/U0/U_TC_TOP/GEN_GENERATOR.U_TC_GEN/v_count058_out                                                                                                             | system/v_tc_0/U0/U_TC_TOP/GEN_GENERATOR.U_TC_GEN/v_count[0]_i_1_n_0                                                                                       |                3 |             12 |
|  system/clk_wiz_0/inst/clk_out1 | system/v_axi4s_vid_out_0/inst/SYNC_INST/vtg_ce                                                                                                                              | system/v_tc_0/U0/U_TC_TOP/GEN_GENERATOR.U_TC_GEN/h_count[0]_i_1_n_0                                                                                       |                3 |             12 |
|  system/clk_wiz_0/inst/clk_out1 | system/v_axi4s_vid_out_0/inst/SYNC_INST/E[0]                                                                                                                                | system/v_axi4s_vid_out_0/inst/SYNC_INST/locked_reg_0[0]                                                                                                   |                3 |             12 |
|  system/clk_wiz_0/inst/clk_out1 | system/v_axi4s_vid_out_0/inst/SYNC_INST/fifo_eol_re_dly                                                                                                                     | system/v_axi4s_vid_out_0/inst/SYNC_INST/fifo_eol_cnt[0]_i_1_n_0                                                                                           |                4 |             13 |
|  system/clk_wiz_0/inst/clk_out1 | system/v_tpg_0/inst/tpgBackground_U0/grp_tpgPatternColorBars_fu_448/tpgBarSelYuv_y351_U/video_subsystem_v_tpg_0_0_tpgPatternCheckerqcK_rom_U/E[0]                           |                                                                                                                                                           |                6 |             15 |
|  system/clk_wiz_0/inst/clk_out1 | system/v_tpg_0/inst/tpgBackground_U0/grp_tpgPatternTartanColo_fu_598/tpgBarSelYuv_y352_U/video_subsystem_v_tpg_0_0_tpgPatternCheckerqcK_rom_U/E[0]                          |                                                                                                                                                           |                5 |             15 |
|  system/clk_wiz_0/inst/clk_out1 | system/v_axi4s_vid_out_0/inst/SYNC_INST/vtg_ce                                                                                                                              | system/v_tc_0/U0/U_TC_TOP/GEN_GENERATOR.U_TC_GEN/p_3_in                                                                                                   |                5 |             16 |
|  system/clk_wiz_0/inst/clk_out1 | system/v_tpg_0/inst/tpgBackground_U0/call_ret16_tpgPatternDPColorRam_fu_631/call_ret16_tpgPatternDPColorRam_fu_631_ap_ready                                                 |                                                                                                                                                           |                4 |             16 |
|  system/clk_wiz_0/inst/clk_out1 | system/v_tpg_0/inst/tpgBackground_U0/call_ret2_tpgPatternHorizontal_fu_693/call_ret2_tpgPatternHorizontal_fu_693_ap_ready                                                   |                                                                                                                                                           |                4 |             16 |
|  system/clk_wiz_0/inst/clk_out1 | system/v_tpg_0/inst/tpgBackground_U0/call_ret3_tpgPatternVerticalRa_fu_642/rampVal                                                                                          |                                                                                                                                                           |                4 |             16 |
|  system/clk_wiz_0/inst/clk_out1 | system/v_tpg_0/inst/tpgBackground_U0/call_ret13_tpgPatternVerticalHo_fu_654/call_ret13_tpgPatternVerticalHo_fu_654_ap_ready                                                 |                                                                                                                                                           |                4 |             16 |
|  system/clk_wiz_0/inst/clk_out1 | system/v_tpg_0/inst/MultiPixStream2AXIvi_U0/grp_reg_unsigned_short_s_fu_256/ap_NS_fsm1                                                                                      |                                                                                                                                                           |                5 |             16 |
|  system/clk_wiz_0/inst/clk_out1 | system/v_tpg_0/inst/tpgBackground_U0/ap_CS_fsm_state12                                                                                                                      | system/v_tpg_0/inst/tpgBackground_U0/y_0_reg_415                                                                                                          |                4 |             16 |
|  system/clk_wiz_0/inst/clk_out1 | system/v_tpg_0/inst/tpgBackground_U0/ap_NS_fsm1                                                                                                                             |                                                                                                                                                           |                2 |             16 |
|  system/clk_wiz_0/inst/clk_out1 | system/v_tpg_0/inst/MultiPixStream2AXIvi_U0/grp_reg_unsigned_short_s_fu_262/ap_NS_fsm1                                                                                      |                                                                                                                                                           |                4 |             16 |
|  system/clk_wiz_0/inst/clk_out1 | system/v_tpg_0/inst/tpgBackground_U0/shiftReg_ce                                                                                                                            |                                                                                                                                                           |                5 |             16 |
|  system/clk_wiz_0/inst/clk_out1 | system/v_tpg_0/inst/tpgBackground_U0/shiftReg_ce_0                                                                                                                          |                                                                                                                                                           |                3 |             16 |
|  system/clk_wiz_0/inst/clk_out1 | system/v_tpg_0/inst/tpgBackground_U0/shiftReg_ce_1                                                                                                                          |                                                                                                                                                           |                5 |             16 |
|  system/clk_wiz_0/inst/clk_out1 | system/v_tpg_0/inst/tpgBackground_U0/x_reg_14720                                                                                                                            |                                                                                                                                                           |                4 |             16 |
|  system/clk_wiz_0/inst/clk_out1 | system/v_tpg_0/inst/tpgBackground_U0/x_0_reg_4270                                                                                                                           | system/v_tpg_0/inst/tpgBackground_U0/ap_enable_reg_pp0_iter00                                                                                             |                5 |             16 |
|  system/clk_wiz_0/inst/clk_out1 | system/v_tpg_0/inst/tpgBackground_U0/E[0]                                                                                                                                   |                                                                                                                                                           |                4 |             16 |
|  system/clk_wiz_0/inst/clk_out1 | system/v_tpg_0/inst/tpgBackground_U0/ap_CS_fsm_reg[1]_0[1]                                                                                                                  |                                                                                                                                                           |                5 |             16 |
|  system/clk_wiz_0/inst/clk_out1 | system/v_tpg_0/inst/tpgForeground_U0/ap_CS_fsm_state10                                                                                                                      | system/v_tpg_0/inst/tpgForeground_U0/y_0_reg_259                                                                                                          |                3 |             16 |
|  system/clk_wiz_0/inst/clk_out1 | system/v_tpg_0/inst/tpgForeground_U0/x_reg_5630                                                                                                                             |                                                                                                                                                           |                4 |             16 |
|  system/clk_wiz_0/inst/clk_out1 | system/v_tpg_0/inst/tpgForeground_U0/tpgForeground_U0_srcImg_V_val_2_V_read                                                                                                 | system/v_tpg_0/inst/tpgForeground_U0/ap_enable_reg_pp0_iter00                                                                                             |                5 |             16 |
|  system/clk_wiz_0/inst/clk_out1 | system/v_tpg_0/inst/MultiPixStream2AXIvi_U0/regslice_both_AXI_video_strm_V_data_V_U/ap_CS_fsm_reg[2]_1[0]                                                                   |                                                                                                                                                           |                5 |             16 |
|  system/clk_wiz_0/inst/clk_out1 | system/v_tpg_0/inst/MultiPixStream2AXIvi_U0/ap_CS_fsm_state7                                                                                                                | system/v_tpg_0/inst/MultiPixStream2AXIvi_U0/grp_reg_unsigned_short_s_fu_256/SR[0]                                                                         |                4 |             16 |
|  system/clk_wiz_0/inst/clk_out1 | system/v_tpg_0/inst/MultiPixStream2AXIvi_U0/sel                                                                                                                             | system/v_tpg_0/inst/MultiPixStream2AXIvi_U0/regslice_both_AXI_video_strm_V_data_V_U/ap_CS_fsm_reg[2]                                                      |                4 |             16 |
|  system/clk_wiz_0/inst/clk_out1 | system/v_tpg_0/inst/tpgForeground_U0/ap_CS_fsm_reg[1]_0[1]                                                                                                                  |                                                                                                                                                           |                5 |             16 |
|  system/clk_wiz_0/inst/clk_out1 | system/v_axi4s_vid_out_0/inst/COUPLER_INST/generate_sync_fifo.FIFO_INST/XPM_FIFO_SYNC_INST/xpm_fifo_base_inst/xpm_fifo_rst_inst/E[0]                                        | system/v_axi4s_vid_out_0/inst/COUPLER_INST/generate_sync_fifo.FIFO_INST/XPM_FIFO_SYNC_INST/xpm_fifo_base_inst/xpm_fifo_rst_inst/Q[0]                      |                6 |             21 |
|  system/clk_wiz_0/inst/clk_out1 | system/v_axi4s_vid_out_0/inst/COUPLER_INST/generate_sync_fifo.FIFO_INST/XPM_FIFO_SYNC_INST/xpm_fifo_base_inst/rdp_inst/E[0]                                                 | system/v_axi4s_vid_out_0/inst/COUPLER_INST/generate_sync_fifo.FIFO_INST/XPM_FIFO_SYNC_INST/xpm_fifo_base_inst/xpm_fifo_rst_inst/Q[0]                      |                5 |             21 |
|  system/clk_wiz_0/inst/clk_out1 | system/v_tpg_0/inst/v_tpg_CTRL_s_axi_U/int_bckgndId_reg[0]_7[0]                                                                                                             |                                                                                                                                                           |               13 |             23 |
|  system/clk_wiz_0/inst/clk_out1 | system/v_tpg_0/inst/tpgForeground_U0/tmp_val_0_V_1_reg_5680                                                                                                                 |                                                                                                                                                           |                7 |             24 |
|  system/clk_wiz_0/inst/clk_out1 | system/v_tpg_0/inst/tpgBackground_U0/outpix_val_0_V_11_reg_14920                                                                                                            |                                                                                                                                                           |                7 |             24 |
|  system/clk_wiz_0/inst/clk_out1 | system/v_tpg_0/inst/tpgForeground_U0/shiftReg_ce                                                                                                                            |                                                                                                                                                           |               12 |             24 |
|  system/clk_wiz_0/inst/clk_out1 | system/v_tpg_0/inst/tpgForeground_U0/ap_condition_345                                                                                                                       | system/v_tpg_0/inst/tpgForeground_U0/ap_phi_reg_pp0_iter2_outpix_val_0_V_reg_305[15]_i_1_n_1                                                              |                7 |             24 |
|  system/clk_wiz_0/inst/clk_out1 | system/v_tpg_0/inst/tpgForeground_U0/ap_phi_reg_pp0_iter4_intpix_val_V_2_0_reg_2830                                                                                         |                                                                                                                                                           |                5 |             24 |
|  system/clk_wiz_0/inst/clk_out1 | system/v_tpg_0/inst/tpgForeground_U0/ap_phi_reg_pp0_iter3_intpix_val_V_2_0_reg_2830                                                                                         |                                                                                                                                                           |                8 |             24 |
|  system/clk_wiz_0/inst/clk_out1 | system/v_tpg_0/inst/tpgForeground_U0/ap_phi_reg_pp0_iter6_intpix_val_V_2_0_reg_2830                                                                                         |                                                                                                                                                           |                6 |             24 |
|  system/clk_wiz_0/inst/clk_out1 | system/v_tpg_0/inst/v_tpg_CTRL_s_axi_U/ap_enable_reg_pp0_iter7_reg[0]                                                                                                       |                                                                                                                                                           |               12 |             24 |
|  system/clk_wiz_0/inst/clk_out1 | system/v_tpg_0/inst/tpgForeground_U0/ap_phi_reg_pp0_iter5_intpix_val_V_2_0_reg_2830                                                                                         |                                                                                                                                                           |                6 |             24 |
|  system/clk_wiz_0/inst/clk_out1 | system/v_tpg_0/inst/v_tpg_CTRL_s_axi_U/int_ovrlayId_reg[0]_2[0]                                                                                                             |                                                                                                                                                           |               10 |             24 |
|  system/clk_wiz_0/inst/clk_out1 | system/v_tpg_0/inst/MultiPixStream2AXIvi_U0/regslice_both_AXI_video_strm_V_data_V_U/obuf_inst/odata[47]_i_1_n_1                                                             |                                                                                                                                                           |                5 |             25 |
|  system/clk_wiz_0/inst/clk_out1 | system/v_tpg_0/inst/MultiPixStream2AXIvi_U0/regslice_both_AXI_video_strm_V_data_V_U/ibuf_inst/ireg01_out                                                                    | system/v_tpg_0/inst/MultiPixStream2AXIvi_U0/regslice_both_AXI_video_strm_V_data_V_U/obuf_inst/SR[0]                                                       |                5 |             25 |
|  system/clk_wiz_0/inst/clk_out1 | system/v_tpg_0/inst/tpgForeground_U0/grp_tpgPatternBox_fu_349/ap_condition_160                                                                                              |                                                                                                                                                           |                8 |             32 |
|  system/clk_wiz_0/inst/clk_out1 | system/v_tpg_0/inst/tpgForeground_U0/grp_tpgPatternBox_fu_349/grp_tpgPatternBox_fu_349_ap_ready                                                                             |                                                                                                                                                           |               12 |             32 |
|  system/clk_wiz_0/inst/clk_out1 | system/v_tpg_0/inst/tpgForeground_U0/grp_tpgPatternBox_fu_349/boxHCoord0                                                                                                    |                                                                                                                                                           |                8 |             32 |
|  system/clk_wiz_0/inst/clk_out1 | system/v_axi4s_vid_out_0/inst/SYNC_INST/vtg_lag                                                                                                                             | system/v_axi4s_vid_out_0/inst/SYNC_INST/sof_ignore0                                                                                                       |                8 |             32 |
|  system/clk_wiz_0/inst/clk_out1 | system/v_axi4s_vid_out_0/inst/SYNC_INST/vtg_ce                                                                                                                              | system/v_tc_0/U0/U_TC_TOP/GEN_GENERATOR.U_TC_GEN/htotal[11]_i_1_n_0                                                                                       |               18 |             48 |
|  system/clk_wiz_0/inst/clk_out1 | system/v_tpg_0/inst/MultiPixStream2AXIvi_U0/grp_reg_unsigned_short_s_fu_256/ap_CS_fsm_reg[1]_0                                                                              |                                                                                                                                                           |               11 |             49 |
|  system/clk_wiz_0/inst/clk_out1 | system/v_tpg_0/inst/tpgBackground_U0/call_ret15_tpgPRBS_fu_721/call_ret15_tpgPRBS_fu_721_ap_ready                                                                           |                                                                                                                                                           |               15 |             57 |
|  system/clk_wiz_0/inst/clk_out1 | system/v_tpg_0/inst/tpgBackground_U0/grp_tpgPatternRainbow_fu_439/tpgSinTableArray_9bi_U/video_subsystem_v_tpg_0_0_tpgPatternRainbowvdy_rom_U/ap_enable_reg_pp0_iter8_reg   |                                                                                                                                                           |               32 |             70 |
|  system/clk_wiz_0/inst/clk_out1 | system/v_tpg_0/inst/tpgBackground_U0/ap_block_pp0_stage0_subdone                                                                                                            |                                                                                                                                                           |               33 |             88 |
|  system/clk_wiz_0/inst/clk_out1 | system/v_tpg_0/inst/tpgForeground_U0/grp_tpgPatternBox_fu_349/icmp_ln687_reg_559_reg[0]                                                                                     |                                                                                                                                                           |               18 |             88 |
|  system/clk_wiz_0/inst/clk_out1 | system/v_tpg_0/inst/tpgForeground_U0/grp_tpgPatternBox_fu_349/E[0]                                                                                                          |                                                                                                                                                           |               46 |            188 |
|  system/clk_wiz_0/inst/clk_out1 |                                                                                                                                                                             |                                                                                                                                                           |              112 |            318 |
+---------------------------------+-----------------------------------------------------------------------------------------------------------------------------------------------------------------------------+-----------------------------------------------------------------------------------------------------------------------------------------------------------+------------------+----------------+


