14:26:30 **** Incremental Build of configuration Debug for project Bomberman ****
make all 
'Building file: ../src/map.c'
'Invoking: MicroBlaze gcc compiler'
mb-gcc -Wall -O0 -g3 -c -fmessage-length=0 -MT"src/map.o" -IC:/Users/sarcasmisthere/Desktop/uec2project/repo/PROJEKT3.0/bomberman_uec2/MicroblazeProject/MicroblazeProject.vitis/QUARTZ/export/QUARTZ/sw/QUARTZ/standalone_domain/bspinclude/include -mno-xl-reorder -mlittle-endian -mno-xl-soft-div -mcpu=v11.0 -mno-xl-soft-mul -mhard-float -Wl,--no-relax -ffunction-sections -fdata-sections -MMD -MP -MF"src/map.d" -MT"src/map.o" -o "src/map.o" "../src/map.c"
'Finished building: ../src/map.c'
' '
'Building target: Bomberman.elf'
'Invoking: MicroBlaze gcc linker'
mb-gcc -Wl,-T -Wl,../src/lscript.ld -LC:/Users/sarcasmisthere/Desktop/uec2project/repo/PROJEKT3.0/bomberman_uec2/MicroblazeProject/MicroblazeProject.vitis/QUARTZ/export/QUARTZ/sw/QUARTZ/standalone_domain/bsplib/lib -mlittle-endian -mno-xl-soft-div -mcpu=v11.0 -mno-xl-soft-mul -mhard-float -Wl,--no-relax -Wl,--gc-sections -o "Bomberman.elf"  ./src/drv/gpu_drv.o ./src/drv/pad_drv.o ./src/drv/timers_drv.o  ./src/.metadata/.plugins/org.eclipse.cdt.make.core/specs.o  ./src/clock.o ./src/drawing.o ./src/endgame_info.o ./src/game.o ./src/main.o ./src/map.o ./src/sprites.o   -Wl,--start-group,-lxil,-lgcc,-lc,--end-group
'Finished building target: Bomberman.elf'
' '
'Invoking: MicroBlaze Print Size'
mb-size Bomberman.elf  |tee "Bomberman.elf.size"
   text	   data	    bss	    dec	    hex	filename
  16772	  16732	   3640	  37144	   9118	Bomberman.elf
'Finished building: Bomberman.elf.size'
' '

14:26:31 Build Finished (took 1s.82ms)

