16:22:50 **** Incremental Build of configuration Debug for project Bomberman ****
make all 
'Building file: ../src/game.c'
'Invoking: MicroBlaze gcc compiler'
mb-gcc -Wall -O0 -g3 -c -fmessage-length=0 -MT"src/game.o" -IC:/Users/sarcasmisthere/Desktop/uec2project/repo/PROJEKT3.0/bomberman_uec2/MicroblazeProject/MicroblazeProject.vitis/QUARTZ/export/QUARTZ/sw/QUARTZ/standalone_domain/bspinclude/include -mno-xl-reorder -mlittle-endian -mno-xl-soft-div -mcpu=v11.0 -mno-xl-soft-mul -mhard-float -Wl,--no-relax -ffunction-sections -fdata-sections -MMD -MP -MF"src/game.d" -MT"src/game.o" -o "src/game.o" "../src/game.c"
../src/game.c: In function 'CrossPlacer':
../src/game.c:330:35: warning: implicit declaration of function 'abs' [-Wimplicit-function-declaration]
  for (int8_t dxPlus = 1; dxPlus < abs(distance); dxPlus++)
                                   ^~~
../src/game.c: In function 'playerMoveFunctionBonus':
../src/game.c:101:1: warning: control reaches end of non-void function [-Wreturn-type]
 }
 ^
'Finished building: ../src/game.c'
' '
'Building file: ../src/map.c'
'Invoking: MicroBlaze gcc compiler'
mb-gcc -Wall -O0 -g3 -c -fmessage-length=0 -MT"src/map.o" -IC:/Users/sarcasmisthere/Desktop/uec2project/repo/PROJEKT3.0/bomberman_uec2/MicroblazeProject/MicroblazeProject.vitis/QUARTZ/export/QUARTZ/sw/QUARTZ/standalone_domain/bspinclude/include -mno-xl-reorder -mlittle-endian -mno-xl-soft-div -mcpu=v11.0 -mno-xl-soft-mul -mhard-float -Wl,--no-relax -ffunction-sections -fdata-sections -MMD -MP -MF"src/map.d" -MT"src/map.o" -o "src/map.o" "../src/map.c"
'Finished building: ../src/map.c'
' '
'Building target: Bomberman.elf'
'Invoking: MicroBlaze gcc linker'
mb-gcc -Wl,-T -Wl,../src/lscript.ld -LC:/Users/sarcasmisthere/Desktop/uec2project/repo/PROJEKT3.0/bomberman_uec2/MicroblazeProject/MicroblazeProject.vitis/QUARTZ/export/QUARTZ/sw/QUARTZ/standalone_domain/bsplib/lib -mlittle-endian -mno-xl-soft-div -mcpu=v11.0 -mno-xl-soft-mul -mhard-float -Wl,--no-relax -Wl,--gc-sections -o "Bomberman.elf"  ./src/drv/gpu_drv.o ./src/drv/pad_drv.o ./src/drv/timers_drv.o  ./src/.metadata/.plugins/org.eclipse.cdt.make.core/specs.o  ./src/clock.o ./src/drawing.o ./src/endgame_info.o ./src/game.o ./src/main.o ./src/map.o ./src/sprites.o   -Wl,--start-group,-lxil,-lgcc,-lc,--end-group
'Finished building target: Bomberman.elf'
' '
'Invoking: MicroBlaze Print Size'
mb-size Bomberman.elf  |tee "Bomberman.elf.size"
   text	   data	    bss	    dec	    hex	filename
  18888	  16732	   4164	  39784	   9b68	Bomberman.elf
'Finished building: Bomberman.elf.size'
' '

16:22:52 Build Finished (took 1s.650ms)

