22:21:19 **** Build of project QUARTZ ****
buildplatform.bat 50787 QUARTZ  
XSDB Server Channel: tcfchan#3
Building the BSP Library for domain  - standalone_domain on processor microblaze_0
"Running Make include in microblaze_0/libsrc/AXI_Timers_v1_0/src"

make -C microblaze_0/libsrc/AXI_Timers_v1_0/src -s include  "SHELL=CMD" "COMPILER=mb-gcc" "ASSEMBLER=mb-as" "ARCHIVER=mb-ar" "C
OMPILER_FLAGS=  -O2 -c -mcpu=v11.0 -mhard-float -mlittle-endian -mno-xl-reorder -mno-xl-soft-div -mno-xl-soft-mul -mxl-float-co
nvert -mxl-float-sqrt -mxl-pattern-compare" "EXTRA_COMPILER_FLAGS=-g -ffunction-sections -fdata-sections -Wall -Wextra"

"Running Make include in microblaze_0/libsrc/bram_v4_3/src"

make -C microblaze_0/libsrc/bram_v4_3/src -s include  "SHELL=CMD" "COMPILER=mb-gcc" "ASSEMBLER=mb-as" "ARCHIVER=mb-ar" "COMPILE
R_FLAGS=  -O2 -c -mcpu=v11.0 -mhard-float -mlittle-endian -mno-xl-reorder -mno-xl-soft-div -mno-xl-soft-mul -mxl-float-convert 
-mxl-float-sqrt -mxl-pattern-compare" "EXTRA_COMPILER_FLAGS=-g -ffunction-sections -fdata-sections -Wall -Wextra"

"Running Make include in microblaze_0/libsrc/cpu_v2_10/src"

make -C microblaze_0/libsrc/cpu_v2_10/src -s include  "SHELL=CMD" "COMPILER=mb-gcc" "ASSEMBLER=mb-as" "ARCHIVER=mb-ar" "COMPILE
R_FLAGS=  -O2 -c -mcpu=v11.0 -mhard-float -mlittle-endian -mno-xl-reorder -mno-xl-soft-div -mno-xl-soft-mul -mxl-float-convert 
-mxl-float-sqrt -mxl-pattern-compare" "EXTRA_COMPILER_FLAGS=-g -ffunction-sections -fdata-sections -Wall -Wextra"

"Running Make include in microblaze_0/libsrc/PADS_SOUND_v1_0/src"

make -C microblaze_0/libsrc/PADS_SOUND_v1_0/src -s include  "SHELL=CMD" "COMPILER=mb-gcc" "ASSEMBLER=mb-as" "ARCHIVER=mb-ar" "C
OMPILER_FLAGS=  -O2 -c -mcpu=v11.0 -mhard-float -mlittle-endian -mno-xl-reorder -mno-xl-soft-div -mno-xl-soft-mul -mxl-float-co
nvert -mxl-float-sqrt -mxl-pattern-compare" "EXTRA_COMPILER_FLAGS=-g -ffunction-sections -fdata-sections -Wall -Wextra"

"Running Make include in microblaze_0/libsrc/standalone_v7_1/src"

make -C microblaze_0/libsrc/standalone_v7_1/src -s include  "SHELL=CMD" "COMPILER=mb-gcc" "ASSEMBLER=mb-as" "ARCHIVER=mb-ar" "C
OMPILER_FLAGS=  -O2 -c -mcpu=v11.0 -mhard-float -mlittle-endian -mno-xl-reorder -mno-xl-soft-div -mno-xl-soft-mul -mxl-float-co
nvert -mxl-float-sqrt -mxl-pattern-compare" "EXTRA_COMPILER_FLAGS=-g -ffunction-sections -fdata-sections -Wall -Wextra"

"Running Make include in microblaze_0/libsrc/uartlite_v3_3/src"

make -C microblaze_0/libsrc/uartlite_v3_3/src -s include  "SHELL=CMD" "COMPILER=mb-gcc" "ASSEMBLER=mb-as" "ARCHIVER=mb-ar" "COM
PILER_FLAGS=  -O2 -c -mcpu=v11.0 -mhard-float -mlittle-endian -mno-xl-reorder -mno-xl-soft-div -mno-xl-soft-mul -mxl-float-conv
ert -mxl-float-sqrt -mxl-pattern-compare" "EXTRA_COMPILER_FLAGS=-g -ffunction-sections -fdata-sections -Wall -Wextra"

"Running Make libs in microblaze_0/libsrc/AXI_Timers_v1_0/src"

make -C microblaze_0/libsrc/AXI_Timers_v1_0/src -s libs  "SHELL=CMD" "COMPILER=mb-gcc" "ASSEMBLER=mb-as" "ARCHIVER=mb-ar" "COMP
ILER_FLAGS=  -O2 -c -mcpu=v11.0 -mhard-float -mlittle-endian -mno-xl-reorder -mno-xl-soft-div -mno-xl-soft-mul -mxl-float-conve
rt -mxl-float-sqrt -mxl-pattern-compare" "EXTRA_COMPILER_FLAGS=-g -ffunction-sections -fdata-sections -Wall -Wextra"

"Compiling AXI_Timers..."

AXI_Timers_selftest.c: In function 'AXI_TIMERS_Reg_SelfTest':
AXI_Timers_selftest.c:52:59: warning: comparison of integer expressions of different signedness: 'u32' {aka 'long unsigned int'} and 'int' [-Wsign-compare]
    if ( AXI_TIMERS_mReadReg (baseaddr, read_loop_index*4) != (read_loop_index+1)*READ_WRITE_MUL_FACTOR){
                                                           ^~
AXI_Timers_selftest.c:36:6: warning: unused variable 'Index' [-Wunused-variable]
  int Index;
      ^~~~~
"Running Make libs in microblaze_0/libsrc/bram_v4_3/src"

make -C microblaze_0/libsrc/bram_v4_3/src -s libs  "SHELL=CMD" "COMPILER=mb-gcc" "ASSEMBLER=mb-as" "ARCHIVER=mb-ar" "COMPILER_F
LAGS=  -O2 -c -mcpu=v11.0 -mhard-float -mlittle-endian -mno-xl-reorder -mno-xl-soft-div -mno-xl-soft-mul -mxl-float-convert -mx
l-float-sqrt -mxl-pattern-compare" "EXTRA_COMPILER_FLAGS=-g -ffunction-sections -fdata-sections -Wall -Wextra"

"Compiling bram"

"Running Make libs in microblaze_0/libsrc/cpu_v2_10/src"

make -C microblaze_0/libsrc/cpu_v2_10/src -s libs  "SHELL=CMD" "COMPILER=mb-gcc" "ASSEMBLER=mb-as" "ARCHIVER=mb-ar" "COMPILER_F
LAGS=  -O2 -c -mcpu=v11.0 -mhard-float -mlittle-endian -mno-xl-reorder -mno-xl-soft-div -mno-xl-soft-mul -mxl-float-convert -mx
l-float-sqrt -mxl-pattern-compare" "EXTRA_COMPILER_FLAGS=-g -ffunction-sections -fdata-sections -Wall -Wextra"

"Compiling cpu"

"Running Make libs in microblaze_0/libsrc/PADS_SOUND_v1_0/src"

make -C microblaze_0/libsrc/PADS_SOUND_v1_0/src -s libs  "SHELL=CMD" "COMPILER=mb-gcc" "ASSEMBLER=mb-as" "ARCHIVER=mb-ar" "COMP
ILER_FLAGS=  -O2 -c -mcpu=v11.0 -mhard-float -mlittle-endian -mno-xl-reorder -mno-xl-soft-div -mno-xl-soft-mul -mxl-float-conve
rt -mxl-float-sqrt -mxl-pattern-compare" "EXTRA_COMPILER_FLAGS=-g -ffunction-sections -fdata-sections -Wall -Wextra"

"Compiling PADS_SOUND..."

PADS_SOUND_selftest.c: In function 'PADS_SOUND_Reg_SelfTest':
PADS_SOUND_selftest.c:52:59: warning: comparison of integer expressions of different signedness: 'u32' {aka 'long unsigned int'} and 'int' [-Wsign-compare]
    if ( PADS_SOUND_mReadReg (baseaddr, read_loop_index*4) != (read_loop_index+1)*READ_WRITE_MUL_FACTOR){
                                                           ^~
PADS_SOUND_selftest.c:36:6: warning: unused variable 'Index' [-Wunused-variable]
  int Index;
      ^~~~~
"Running Make libs in microblaze_0/libsrc/standalone_v7_1/src"

make -C microblaze_0/libsrc/standalone_v7_1/src -s libs  "SHELL=CMD" "COMPILER=mb-gcc" "ASSEMBLER=mb-as" "ARCHIVER=mb-ar" "COMP
ILER_FLAGS=  -O2 -c -mcpu=v11.0 -mhard-float -mlittle-endian -mno-xl-reorder -mno-xl-soft-div -mno-xl-soft-mul -mxl-float-conve
rt -mxl-float-sqrt -mxl-pattern-compare" "EXTRA_COMPILER_FLAGS=-g -ffunction-sections -fdata-sections -Wall -Wextra"

"Compiling standalone";

microblaze_sleep.c:75:9: note: #pragma message: For the sleep routines, assembly instructions are used
 #pragma message ("For the sleep routines, assembly instructions are used")
         ^~~~~~~
"Running Make libs in microblaze_0/libsrc/uartlite_v3_3/src"

make -C microblaze_0/libsrc/uartlite_v3_3/src -s libs  "SHELL=CMD" "COMPILER=mb-gcc" "ASSEMBLER=mb-as" "ARCHIVER=mb-ar" "COMPIL
ER_FLAGS=  -O2 -c -mcpu=v11.0 -mhard-float -mlittle-endian -mno-xl-reorder -mno-xl-soft-div -mno-xl-soft-mul -mxl-float-convert
 -mxl-float-sqrt -mxl-pattern-compare" "EXTRA_COMPILER_FLAGS=-g -ffunction-sections -fdata-sections -Wall -Wextra"

"Compiling uartlite"

'Finished building libraries'

22:21:23 **** Clean-only build of configuration Debug for project Bomberman ****
make clean 
rm -rf  ./src/drv/gpu_drv.o ./src/drv/pad_drv.o ./src/drv/timers_drv.o  ./src/.metadata/.plugins/org.eclipse.cdt.make.core/specs.o  ./src/clock.o ./src/drawing.o ./src/endgame_info.o ./src/game.o ./src/main.o ./src/map.o ./src/sprites.o  ./src/drv/gpu_drv.d ./src/drv/pad_drv.d ./src/drv/timers_drv.d  ./src/.metadata/.plugins/org.eclipse.cdt.make.core/specs.d  ./src/clock.d ./src/drawing.d ./src/endgame_info.d ./src/game.d ./src/main.d ./src/map.d ./src/sprites.d  Bomberman.elf.size  Bomberman.elf
' '
22:21:23 **** Incremental Build of configuration Debug for project Bomberman ****
make all 
'Building file: ../src/drv/gpu_drv.c'
'Invoking: MicroBlaze gcc compiler'
mb-gcc -Wall -O0 -g3 -c -fmessage-length=0 -MT"src/drv/gpu_drv.o" -ID:/bomberman_uec2/MicroblazeProject/MicroblazeProject.vitis/QUARTZ/export/QUARTZ/sw/QUARTZ/standalone_domain/bspinclude/include -mno-xl-reorder -mlittle-endian -mno-xl-soft-div -mcpu=v11.0 -mno-xl-soft-mul -mhard-float -Wl,--no-relax -ffunction-sections -fdata-sections -MMD -MP -MF"src/drv/gpu_drv.d" -MT"src/drv/gpu_drv.o" -o "src/drv/gpu_drv.o" "../src/drv/gpu_drv.c"
'Finished building: ../src/drv/gpu_drv.c'
' '
'Building file: ../src/drv/pad_drv.c'
'Invoking: MicroBlaze gcc compiler'
mb-gcc -Wall -O0 -g3 -c -fmessage-length=0 -MT"src/drv/pad_drv.o" -ID:/bomberman_uec2/MicroblazeProject/MicroblazeProject.vitis/QUARTZ/export/QUARTZ/sw/QUARTZ/standalone_domain/bspinclude/include -mno-xl-reorder -mlittle-endian -mno-xl-soft-div -mcpu=v11.0 -mno-xl-soft-mul -mhard-float -Wl,--no-relax -ffunction-sections -fdata-sections -MMD -MP -MF"src/drv/pad_drv.d" -MT"src/drv/pad_drv.o" -o "src/drv/pad_drv.o" "../src/drv/pad_drv.c"
'Finished building: ../src/drv/pad_drv.c'
' '
'Building file: ../src/drv/timers_drv.c'
'Invoking: MicroBlaze gcc compiler'
mb-gcc -Wall -O0 -g3 -c -fmessage-length=0 -MT"src/drv/timers_drv.o" -ID:/bomberman_uec2/MicroblazeProject/MicroblazeProject.vitis/QUARTZ/export/QUARTZ/sw/QUARTZ/standalone_domain/bspinclude/include -mno-xl-reorder -mlittle-endian -mno-xl-soft-div -mcpu=v11.0 -mno-xl-soft-mul -mhard-float -Wl,--no-relax -ffunction-sections -fdata-sections -MMD -MP -MF"src/drv/timers_drv.d" -MT"src/drv/timers_drv.o" -o "src/drv/timers_drv.o" "../src/drv/timers_drv.c"
'Finished building: ../src/drv/timers_drv.c'
' '
'Building file: ../src/.metadata/.plugins/org.eclipse.cdt.make.core/specs.c'
'Invoking: MicroBlaze gcc compiler'
mb-gcc -Wall -O0 -g3 -c -fmessage-length=0 -MT"src/.metadata/.plugins/org.eclipse.cdt.make.core/specs.o" -ID:/bomberman_uec2/MicroblazeProject/MicroblazeProject.vitis/QUARTZ/export/QUARTZ/sw/QUARTZ/standalone_domain/bspinclude/include -mno-xl-reorder -mlittle-endian -mno-xl-soft-div -mcpu=v11.0 -mno-xl-soft-mul -mhard-float -Wl,--no-relax -ffunction-sections -fdata-sections -MMD -MP -MF"src/.metadata/.plugins/org.eclipse.cdt.make.core/specs.d" -MT"src/.metadata/.plugins/org.eclipse.cdt.make.core/specs.o" -o "src/.metadata/.plugins/org.eclipse.cdt.make.core/specs.o" "../src/.metadata/.plugins/org.eclipse.cdt.make.core/specs.c"
'Finished building: ../src/.metadata/.plugins/org.eclipse.cdt.make.core/specs.c'
' '
'Building file: ../src/clock.c'
'Invoking: MicroBlaze gcc compiler'
mb-gcc -Wall -O0 -g3 -c -fmessage-length=0 -MT"src/clock.o" -ID:/bomberman_uec2/MicroblazeProject/MicroblazeProject.vitis/QUARTZ/export/QUARTZ/sw/QUARTZ/standalone_domain/bspinclude/include -mno-xl-reorder -mlittle-endian -mno-xl-soft-div -mcpu=v11.0 -mno-xl-soft-mul -mhard-float -Wl,--no-relax -ffunction-sections -fdata-sections -MMD -MP -MF"src/clock.d" -MT"src/clock.o" -o "src/clock.o" "../src/clock.c"
'Finished building: ../src/clock.c'
' '
'Building file: ../src/drawing.c'
'Invoking: MicroBlaze gcc compiler'
mb-gcc -Wall -O0 -g3 -c -fmessage-length=0 -MT"src/drawing.o" -ID:/bomberman_uec2/MicroblazeProject/MicroblazeProject.vitis/QUARTZ/export/QUARTZ/sw/QUARTZ/standalone_domain/bspinclude/include -mno-xl-reorder -mlittle-endian -mno-xl-soft-div -mcpu=v11.0 -mno-xl-soft-mul -mhard-float -Wl,--no-relax -ffunction-sections -fdata-sections -MMD -MP -MF"src/drawing.d" -MT"src/drawing.o" -o "src/drawing.o" "../src/drawing.c"
../src/drawing.c: In function 'ShowTheText':
../src/drawing.c:37:22: warning: implicit declaration of function 'strlen' [-Wimplicit-function-declaration]
  size_t TextLength = strlen(TextChar);
                      ^~~~~~
../src/drawing.c:37:22: warning: incompatible implicit declaration of built-in function 'strlen'
../src/drawing.c:37:22: note: include '<string.h>' or provide a declaration of 'strlen'
../src/drawing.c:2:1:
+#include <string.h>
 
../src/drawing.c:37:22:
  size_t TextLength = strlen(TextChar);
                      ^~~~~~
'Finished building: ../src/drawing.c'
' '
'Building file: ../src/endgame_info.c'
'Invoking: MicroBlaze gcc compiler'
mb-gcc -Wall -O0 -g3 -c -fmessage-length=0 -MT"src/endgame_info.o" -ID:/bomberman_uec2/MicroblazeProject/MicroblazeProject.vitis/QUARTZ/export/QUARTZ/sw/QUARTZ/standalone_domain/bspinclude/include -mno-xl-reorder -mlittle-endian -mno-xl-soft-div -mcpu=v11.0 -mno-xl-soft-mul -mhard-float -Wl,--no-relax -ffunction-sections -fdata-sections -MMD -MP -MF"src/endgame_info.d" -MT"src/endgame_info.o" -o "src/endgame_info.o" "../src/endgame_info.c"
'Finished building: ../src/endgame_info.c'
' '
'Building file: ../src/game.c'
'Invoking: MicroBlaze gcc compiler'
mb-gcc -Wall -O0 -g3 -c -fmessage-length=0 -MT"src/game.o" -ID:/bomberman_uec2/MicroblazeProject/MicroblazeProject.vitis/QUARTZ/export/QUARTZ/sw/QUARTZ/standalone_domain/bspinclude/include -mno-xl-reorder -mlittle-endian -mno-xl-soft-div -mcpu=v11.0 -mno-xl-soft-mul -mhard-float -Wl,--no-relax -ffunction-sections -fdata-sections -MMD -MP -MF"src/game.d" -MT"src/game.o" -o "src/game.o" "../src/game.c"
../src/game.c: In function 'CrossPlacer':
../src/game.c:335:35: warning: implicit declaration of function 'abs' [-Wimplicit-function-declaration]
  for (int8_t dxPlus = 1; dxPlus < abs(distance); dxPlus++)
                                   ^~~
'Finished building: ../src/game.c'
' '
'Building file: ../src/main.c'
'Invoking: MicroBlaze gcc compiler'
mb-gcc -Wall -O0 -g3 -c -fmessage-length=0 -MT"src/main.o" -ID:/bomberman_uec2/MicroblazeProject/MicroblazeProject.vitis/QUARTZ/export/QUARTZ/sw/QUARTZ/standalone_domain/bspinclude/include -mno-xl-reorder -mlittle-endian -mno-xl-soft-div -mcpu=v11.0 -mno-xl-soft-mul -mhard-float -Wl,--no-relax -ffunction-sections -fdata-sections -MMD -MP -MF"src/main.d" -MT"src/main.o" -o "src/main.o" "../src/main.c"
'Finished building: ../src/main.c'
' '
'Building file: ../src/map.c'
'Invoking: MicroBlaze gcc compiler'
mb-gcc -Wall -O0 -g3 -c -fmessage-length=0 -MT"src/map.o" -ID:/bomberman_uec2/MicroblazeProject/MicroblazeProject.vitis/QUARTZ/export/QUARTZ/sw/QUARTZ/standalone_domain/bspinclude/include -mno-xl-reorder -mlittle-endian -mno-xl-soft-div -mcpu=v11.0 -mno-xl-soft-mul -mhard-float -Wl,--no-relax -ffunction-sections -fdata-sections -MMD -MP -MF"src/map.d" -MT"src/map.o" -o "src/map.o" "../src/map.c"
'Finished building: ../src/map.c'
' '
'Building file: ../src/sprites.c'
'Invoking: MicroBlaze gcc compiler'
mb-gcc -Wall -O0 -g3 -c -fmessage-length=0 -MT"src/sprites.o" -ID:/bomberman_uec2/MicroblazeProject/MicroblazeProject.vitis/QUARTZ/export/QUARTZ/sw/QUARTZ/standalone_domain/bspinclude/include -mno-xl-reorder -mlittle-endian -mno-xl-soft-div -mcpu=v11.0 -mno-xl-soft-mul -mhard-float -Wl,--no-relax -ffunction-sections -fdata-sections -MMD -MP -MF"src/sprites.d" -MT"src/sprites.o" -o "src/sprites.o" "../src/sprites.c"
'Finished building: ../src/sprites.c'
' '
'Building target: Bomberman.elf'
'Invoking: MicroBlaze gcc linker'
mb-gcc -Wl,-T -Wl,../src/lscript.ld -LD:/bomberman_uec2/MicroblazeProject/MicroblazeProject.vitis/QUARTZ/export/QUARTZ/sw/QUARTZ/standalone_domain/bsplib/lib -mlittle-endian -mno-xl-soft-div -mcpu=v11.0 -mno-xl-soft-mul -mhard-float -Wl,--no-relax -Wl,--gc-sections -o "Bomberman.elf"  ./src/drv/gpu_drv.o ./src/drv/pad_drv.o ./src/drv/timers_drv.o  ./src/.metadata/.plugins/org.eclipse.cdt.make.core/specs.o  ./src/clock.o ./src/drawing.o ./src/endgame_info.o ./src/game.o ./src/main.o ./src/map.o ./src/sprites.o   -Wl,--start-group,-lxil,-lgcc,-lc,--end-group
'Finished building target: Bomberman.elf'
' '
'Invoking: MicroBlaze Print Size'
mb-size Bomberman.elf  |tee "Bomberman.elf.size"
   text	   data	    bss	    dec	    hex	filename
  20756	  16924	   4176	  41856	   a380	Bomberman.elf
'Finished building: Bomberman.elf.size'
' '
22:21:25 **** Incremental Build of configuration Debug for project Bomberman_system ****
make all 
Skipping SD card image generation. Reason: "The system project only has applications for microblaze processors."
